// Jest Snapshot v1, https://goo.gl/fbAQLP

exports[`when generateReport runs matches snapshot 1`] = `
Object {
  "corruptedRecords": Array [
    Object {
      "email": "myemail@gmail.com",
      "id": 1,
      "name": "corrupted",
    },
    Object {
      "email": "corruptEmail@gmail.com",
      "id": 12,
      "name": "steve",
    },
  ],
  "missedRecords": Array [
    Object {
      "email": "4someemail@gmail.com",
      "id": 14,
      "name": "Missed in migration",
    },
  ],
  "newlyCreatedRecords": Array [
    Object {
      "email": "youremail@gmail.com",
      "id": 2,
      "name": "Newly added data",
    },
  ],
}
`;
